[
    {
        "ID": 0,
        "field": "TIT_NOM",
        "old": "CNPC (HONG KONG) HKD",
        "new": "bla"
    },
    {
        "ID": 1,
        "field": "TIT_NOM",
        "old": "HSBC HOLDINGS HKD10 (HK REG)",
        "new": "bla"
    },
    {
        "ID": 2,
        "field": "TIT_NOM",
        "old": "KWONG SANG HONG",
        "new": "bla"
    },
    {
        "ID": 3,
        "field": "TIT_NOM",
        "old": "TBILLS 03\/04\/97",
        "new": "bla"
    }
]